// Jest Snapshot v1, https://goo.gl/fbAQLP

exports[`Device Group Detection Tests Device Groups Summary Endpoint device groups should match snapshot 1`] = `
Array [
  Object {
    "address_count": 3,
    "address_group_count": 0,
    "description": null,
    "devices_count": 0,
    "name": "KIZAD-DC-SWIFT-VSYS",
    "parent_dg": null,
    "parent_device_group": null,
    "parent_template": null,
    "parent_vsys": null,
    "post_nat_rules_count": 0,
    "post_security_rules_count": 0,
    "pre_nat_rules_count": 0,
    "pre_security_rules_count": 294,
    "service_count": 0,
    "service_group_count": 0,
    "xpath": "/config/devices/entry[@name='localhost.localdomain']/device-group/entry[@name='KIZAD-DC-SWIFT-VSYS']",
  },
  Object {
    "address_count": 0,
    "address_group_count": 0,
    "description": null,
    "devices_count": 0,
    "name": "KIZAD-DC-Tapping-Vsys",
    "parent_dg": null,
    "parent_device_group": null,
    "parent_template": null,
    "parent_vsys": null,
    "post_nat_rules_count": 0,
    "post_security_rules_count": 0,
    "pre_nat_rules_count": 0,
    "pre_security_rules_count": 1,
    "service_count": 0,
    "service_group_count": 0,
    "xpath": "/config/devices/entry[@name='localhost.localdomain']/device-group/entry[@name='KIZAD-DC-Tapping-Vsys']",
  },
  Object {
    "address_count": 684,
    "address_group_count": 1,
    "description": null,
    "devices_count": 0,
    "name": "KIZAD-DC-Vsys1",
    "parent_dg": null,
    "parent_device_group": null,
    "parent_template": null,
    "parent_vsys": null,
    "post_nat_rules_count": 0,
    "post_security_rules_count": 10,
    "pre_nat_rules_count": 0,
    "pre_security_rules_count": 19221,
    "service_count": 97,
    "service_group_count": 0,
    "xpath": "/config/devices/entry[@name='localhost.localdomain']/device-group/entry[@name='KIZAD-DC-Vsys1']",
  },
  Object {
    "address_count": 0,
    "address_group_count": 0,
    "description": null,
    "devices_count": 0,
    "name": "TCN-DC-SWIFT-VSYS",
    "parent_dg": null,
    "parent_device_group": null,
    "parent_template": null,
    "parent_vsys": null,
    "post_nat_rules_count": 0,
    "post_security_rules_count": 0,
    "pre_nat_rules_count": 0,
    "pre_security_rules_count": 280,
    "service_count": 0,
    "service_group_count": 0,
    "xpath": "/config/devices/entry[@name='localhost.localdomain']/device-group/entry[@name='TCN-DC-SWIFT-VSYS']",
  },
  Object {
    "address_count": 0,
    "address_group_count": 0,
    "description": null,
    "devices_count": 0,
    "name": "TCN-DC-Tapping-Vsys",
    "parent_dg": null,
    "parent_device_group": null,
    "parent_template": null,
    "parent_vsys": null,
    "post_nat_rules_count": 0,
    "post_security_rules_count": 0,
    "pre_nat_rules_count": 0,
    "pre_security_rules_count": 1,
    "service_count": 0,
    "service_group_count": 0,
    "xpath": "/config/devices/entry[@name='localhost.localdomain']/device-group/entry[@name='TCN-DC-Tapping-Vsys']",
  },
  Object {
    "address_count": 508,
    "address_group_count": 0,
    "description": null,
    "devices_count": 0,
    "name": "TCN-DC-Vsys1",
    "parent_dg": null,
    "parent_device_group": null,
    "parent_template": null,
    "parent_vsys": null,
    "post_nat_rules_count": 0,
    "post_security_rules_count": 4,
    "pre_nat_rules_count": 0,
    "pre_security_rules_count": 13791,
    "service_count": 95,
    "service_group_count": 0,
    "xpath": "/config/devices/entry[@name='localhost.localdomain']/device-group/entry[@name='TCN-DC-Vsys1']",
  },
]
`;